command: g++ -std=c++17 -DBB -I/opt/homebrew/include -L/opt/homebrew/lib -I/Library/gurobi1203/macos_universal2/include -L/Library/gurobi1203/macos_universal2/lib -lgurobi_c++ -lgurobi120 -lm -lpthread -lpagmo /Users/marcosadriano/learning/mestrado/optimization/src/portfolio_data.cpp /Users/marcosadriano/learning/mestrado/optimization/src/export_results.cpp /Users/marcosadriano/learning/mestrado/optimization/src/experiment_config.cpp /Users/marcosadriano/learning/mestrado/optimization/src/experiment_cli.cpp /Users/marcosadriano/learning/mestrado/optimization/src/branch_and_bound.cpp /Users/marcosadriano/learning/mestrado/optimization/src/nsgaii.cpp -o /Users/marcosadriano/learning/mestrado/optimization/src/branch_and_bound
cwd: /Users/marcosadriano/learning/mestrado/optimization/src
started: 2026-06-15T09:09:34.201246

/Users/marcosadriano/learning/mestrado/optimization/src/branch_and_bound.cpp:710:1: warning: non-void function does not return a value in all control paths [-Wreturn-type]
}
^
1 warning generated.
/Users/marcosadriano/learning/mestrado/optimization/src/nsgaii.cpp:210:24: warning: unqualified call to 'std::move' [-Wunqualified-std-cast-call]
    children.push_back(move(child1));
                       ^
                       std::
/Users/marcosadriano/learning/mestrado/optimization/src/nsgaii.cpp:211:24: warning: unqualified call to 'std::move' [-Wunqualified-std-cast-call]
    children.push_back(move(child2));
                       ^
                       std::
/Users/marcosadriano/learning/mestrado/optimization/src/nsgaii.cpp:347:19: warning: unqualified call to 'std::move' [-Wunqualified-std-cast-call]
        current = move(next);
                  ^
                  std::
/Users/marcosadriano/learning/mestrado/optimization/src/nsgaii.cpp:360:26: warning: unqualified call to 'std::move' [-Wunqualified-std-cast-call]
        fronts.push_back(move(layer));
                         ^
                         std::
/Users/marcosadriano/learning/mestrado/optimization/src/nsgaii.cpp:689:33: warning: unqualified call to 'std::move' [-Wunqualified-std-cast-call]
            offspring.push_back(move(child));
                                ^
                                std::
5 warnings generated.

finished: 2026-06-15T09:09:37.470332
exit_code: 0
