command: g++ -std=c++17 -I/opt/homebrew/include -L/opt/homebrew/lib -lpagmo /Users/marcosadriano/learning/mestrado/optimization/src/portfolio_data.cpp /Users/marcosadriano/learning/mestrado/optimization/src/export_results.cpp /Users/marcosadriano/learning/mestrado/optimization/src/experiment_config.cpp /Users/marcosadriano/learning/mestrado/optimization/src/experiment_cli.cpp /Users/marcosadriano/learning/mestrado/optimization/src/nsgaii.cpp -o /Users/marcosadriano/learning/mestrado/optimization/src/nsgaii
cwd: /Users/marcosadriano/learning/mestrado/optimization/src
started: 2026-06-15T09:09:37.471266

/Users/marcosadriano/learning/mestrado/optimization/src/nsgaii.cpp:210:24: warning: unqualified call to 'std::move' [-Wunqualified-std-cast-call]
    children.push_back(move(child1));
                       ^
                       std::
/Users/marcosadriano/learning/mestrado/optimization/src/nsgaii.cpp:211:24: warning: unqualified call to 'std::move' [-Wunqualified-std-cast-call]
    children.push_back(move(child2));
                       ^
                       std::
/Users/marcosadriano/learning/mestrado/optimization/src/nsgaii.cpp:347:19: warning: unqualified call to 'std::move' [-Wunqualified-std-cast-call]
        current = move(next);
                  ^
                  std::
/Users/marcosadriano/learning/mestrado/optimization/src/nsgaii.cpp:360:26: warning: unqualified call to 'std::move' [-Wunqualified-std-cast-call]
        fronts.push_back(move(layer));
                         ^
                         std::
/Users/marcosadriano/learning/mestrado/optimization/src/nsgaii.cpp:689:33: warning: unqualified call to 'std::move' [-Wunqualified-std-cast-call]
            offspring.push_back(move(child));
                                ^
                                std::
5 warnings generated.

finished: 2026-06-15T09:09:39.314948
exit_code: 0
