command: g++ -std=c++17 -I/opt/homebrew/include -L/opt/homebrew/lib -lpagmo /Users/marcosadriano/learning/mestrado/optimization/src/portfolio_data.cpp /Users/marcosadriano/learning/mestrado/optimization/src/export_results.cpp /Users/marcosadriano/learning/mestrado/optimization/src/experiment_config.cpp /Users/marcosadriano/learning/mestrado/optimization/src/experiment_cli.cpp /Users/marcosadriano/learning/mestrado/optimization/src/nsgaii.cpp -o /Users/marcosadriano/learning/mestrado/optimization/src/nsgaii
cwd: /Users/marcosadriano/learning/mestrado/optimization/src
started: 2026-06-11T18:22:56.097703

/Users/marcosadriano/learning/mestrado/optimization/src/nsgaii.cpp:187:24: warning: unqualified call to 'std::move' [-Wunqualified-std-cast-call]
    children.push_back(move(child1));
                       ^
                       std::
/Users/marcosadriano/learning/mestrado/optimization/src/nsgaii.cpp:188:24: warning: unqualified call to 'std::move' [-Wunqualified-std-cast-call]
    children.push_back(move(child2));
                       ^
                       std::
/Users/marcosadriano/learning/mestrado/optimization/src/nsgaii.cpp:323:19: warning: unqualified call to 'std::move' [-Wunqualified-std-cast-call]
        current = move(next);
                  ^
                  std::
/Users/marcosadriano/learning/mestrado/optimization/src/nsgaii.cpp:336:26: warning: unqualified call to 'std::move' [-Wunqualified-std-cast-call]
        fronts.push_back(move(layer));
                         ^
                         std::
/Users/marcosadriano/learning/mestrado/optimization/src/nsgaii.cpp:634:33: warning: unqualified call to 'std::move' [-Wunqualified-std-cast-call]
            offspring.push_back(move(child));
                                ^
                                std::
5 warnings generated.

finished: 2026-06-11T18:22:57.816290
exit_code: 0
